2026-09-25 14:16:26,460 [INFO] Checking HTML validity (unclosed/mismatched tags)...
2026-09-25 14:16:51,424 [INFO] HTML validity: 877 files with issues
2026-09-25 14:16:51,427 [INFO] Checking internal links resolve to real files...
2026-09-25 14:17:07,846 [INFO] Checked 57973 internal hrefs; 33 broken across 3 files
2026-09-25 14:17:07,849 [INFO] Checking for duplicate <title> tags...
2026-09-25 14:17:13,142 [INFO] Duplicate titles: 1 titles shared by 349 pages
2026-09-25 14:17:13,144 [INFO] Checking sitemap.xml validity...
2026-09-25 14:17:13,315 [INFO] Sitemap: 802 URLs, 2 not found on disk
2026-09-25 14:17:13,344 [INFO] Report saved: /Users/nunnu/Projects/boat-rental-marbella/reports/technical_crawl/crawl_report_2026-09-25.json
2026-09-25 14:17:13,344 [INFO] TOTAL ISSUES FOUND: 881
2026-09-25 14:23:57,761 [INFO] Checking HTML validity (unclosed/mismatched tags)...
2026-09-25 14:25:02,405 [INFO] HTML validity: 877 files with issues
2026-09-25 14:25:02,406 [INFO] Checking internal links resolve to real files...
2026-09-25 14:25:07,960 [INFO] Checked 57973 internal hrefs; 33 broken across 3 files
2026-09-25 14:25:07,960 [INFO] Checking for duplicate <title> tags...
2026-09-25 14:25:08,370 [INFO] Duplicate titles: 1 titles shared by 349 pages
2026-09-25 14:25:08,371 [INFO] Checking hreflang reciprocity and canonicals...
2026-09-25 14:25:08,375 [INFO] hreflang/canonical: 18 issues across 11 language homepages checked
2026-09-25 14:25:08,375 [INFO] Checking sitemap.xml validity...
2026-09-25 14:25:08,431 [INFO] Sitemap: 802 URLs, 2 not found on disk
2026-09-25 14:25:08,443 [INFO] Report saved: /Users/nunnu/Projects/boat-rental-marbella/reports/technical_crawl/crawl_report_2026-09-25.json
2026-09-25 14:25:08,443 [INFO] TOTAL ISSUES FOUND: 881
2026-09-25 12:15:03,433 [INFO] Checking HTML validity (unclosed/mismatched tags)...
2026-09-25 12:15:07,203 [INFO] HTML validity: 877 files with issues
2026-09-25 12:15:07,203 [INFO] Checking internal links resolve to real files...
2026-09-25 12:15:07,908 [INFO] Checked 57973 internal hrefs; 33 broken across 3 files
2026-09-25 12:15:07,908 [INFO] Checking for duplicate <title> tags...
2026-09-25 12:15:08,024 [INFO] Duplicate titles: 1 titles shared by 349 pages
2026-09-25 12:15:08,024 [INFO] Checking hreflang reciprocity and canonicals...
2026-09-25 12:15:08,026 [INFO] hreflang/canonical: 18 issues across 11 language homepages checked
2026-09-25 12:15:08,026 [INFO] Checking sitemap.xml validity...
2026-09-25 12:15:08,039 [INFO] Sitemap: 802 URLs, 2 not found on disk
2026-09-25 12:15:08,045 [INFO] Report saved: /home/runner/work/boat-rental-marbella/boat-rental-marbella/reports/technical_crawl/crawl_report_2026-09-25.json
2026-09-25 12:15:08,045 [INFO] TOTAL ISSUES FOUND: 881
2026-10-02 16:13:01,328 [INFO] Checking HTML validity (unclosed/mismatched tags)...
2026-10-02 16:13:04,636 [INFO] HTML validity: 877 files with issues
2026-10-02 16:13:04,637 [INFO] Checking internal links resolve to real files...
2026-10-02 16:13:05,271 [INFO] Checked 57945 internal hrefs; 0 broken across 0 files
2026-10-02 16:13:05,271 [INFO] Checking for duplicate <title> tags...
2026-10-02 16:13:05,373 [INFO] Duplicate titles: 1 titles shared by 349 pages
2026-10-02 16:13:05,374 [INFO] Checking hreflang reciprocity and canonicals...
2026-10-02 16:13:05,376 [INFO] hreflang/canonical: 0 issues across 11 language homepages checked
2026-10-02 16:13:05,376 [INFO] Checking sitemap.xml validity...
2026-10-02 16:13:05,387 [INFO] Sitemap: 800 URLs, 0 not found on disk
2026-10-02 16:13:05,391 [INFO] Report saved: /home/user/boat-rental-marbella/reports/technical_crawl/crawl_report_2026-10-02.json
2026-10-02 16:13:05,391 [INFO] TOTAL ISSUES FOUND: 878
2026-10-03 08:02:33,006 [INFO] Checking HTML validity (unclosed/mismatched tags)...
2026-10-03 08:02:37,139 [INFO] HTML validity: 877 files with issues
2026-10-03 08:02:37,139 [INFO] Checking internal links resolve to real files...
2026-10-03 08:02:37,904 [INFO] Checked 57945 internal hrefs; 0 broken across 0 files
2026-10-03 08:02:37,904 [INFO] Checking for duplicate <title> tags...
2026-10-03 08:02:38,034 [INFO] Duplicate titles: 1 titles shared by 349 pages
2026-10-03 08:02:38,035 [INFO] Checking hreflang reciprocity and canonicals...
2026-10-03 08:02:38,037 [INFO] hreflang/canonical: 0 issues across 11 language homepages checked
2026-10-03 08:02:38,037 [INFO] Checking sitemap.xml validity...
2026-10-03 08:02:38,052 [INFO] Sitemap: 800 URLs, 0 not found on disk
2026-10-03 08:02:38,058 [INFO] Report saved: /home/user/boat-rental-marbella/reports/technical_crawl/crawl_report_2026-10-03.json
2026-10-03 08:02:38,058 [INFO] TOTAL ISSUES FOUND: 878
2026-10-04 05:19:29,647 [INFO] Checking HTML validity (unclosed/mismatched tags)...
2026-10-04 05:19:33,127 [INFO] HTML validity: 877 files with issues
2026-10-04 05:19:33,127 [INFO] Checking internal links resolve to real files...
2026-10-04 05:19:33,679 [INFO] Checked 57945 internal hrefs; 0 broken across 0 files
2026-10-04 05:19:33,680 [INFO] Checking for duplicate <title> tags...
2026-10-04 05:19:33,753 [INFO] Duplicate titles: 1 titles shared by 349 pages
2026-10-04 05:19:33,753 [INFO] Checking hreflang reciprocity and canonicals...
2026-10-04 05:19:33,755 [INFO] hreflang/canonical: 0 issues across 11 language homepages checked
2026-10-04 05:19:33,755 [INFO] Checking sitemap.xml validity...
2026-10-04 05:19:33,765 [INFO] Sitemap: 800 URLs, 0 not found on disk
2026-10-04 05:19:33,770 [INFO] Report saved: /home/user/boat-rental-marbella/reports/technical_crawl/crawl_report_2026-10-04.json
2026-10-04 05:19:33,770 [INFO] TOTAL ISSUES FOUND: 878
2026-10-05 08:09:17,967 [INFO] Checking HTML validity (unclosed/mismatched tags)...
2026-10-05 08:09:22,488 [INFO] HTML validity: 877 files with issues
2026-10-05 08:09:22,488 [INFO] Checking internal links resolve to real files...
2026-10-05 08:09:23,489 [INFO] Checked 57945 internal hrefs; 0 broken across 0 files
2026-10-05 08:09:23,489 [INFO] Checking for duplicate <title> tags...
2026-10-05 08:09:23,647 [INFO] Duplicate titles: 1 titles shared by 349 pages
2026-10-05 08:09:23,648 [INFO] Checking hreflang reciprocity and canonicals...
2026-10-05 08:09:23,651 [INFO] hreflang/canonical: 0 issues across 11 language homepages checked
2026-10-05 08:09:23,652 [INFO] Checking sitemap.xml validity...
2026-10-05 08:09:23,672 [INFO] Sitemap: 800 URLs, 0 not found on disk
2026-10-05 08:09:23,683 [INFO] Report saved: /home/user/boat-rental-marbella/reports/technical_crawl/crawl_report_2026-10-05.json
2026-10-05 08:09:23,683 [INFO] TOTAL ISSUES FOUND: 878
2026-10-06 08:09:35,824 [INFO] Checking HTML validity (unclosed/mismatched tags)...
2026-10-06 08:09:38,902 [INFO] HTML validity: 877 files with issues
2026-10-06 08:09:38,903 [INFO] Checking internal links resolve to real files...
2026-10-06 08:09:39,464 [INFO] Checked 57945 internal hrefs; 0 broken across 0 files
2026-10-06 08:09:39,465 [INFO] Checking for duplicate <title> tags...
2026-10-06 08:09:39,550 [INFO] Duplicate titles: 1 titles shared by 349 pages
2026-10-06 08:09:39,550 [INFO] Checking hreflang reciprocity and canonicals...
2026-10-06 08:09:39,551 [INFO] hreflang/canonical: 0 issues across 11 language homepages checked
2026-10-06 08:09:39,552 [INFO] Checking sitemap.xml validity...
2026-10-06 08:09:39,563 [INFO] Sitemap: 800 URLs, 0 not found on disk
2026-10-06 08:09:39,567 [INFO] Report saved: /home/user/boat-rental-marbella/reports/technical_crawl/crawl_report_2026-10-06.json
2026-10-06 08:09:39,567 [INFO] TOTAL ISSUES FOUND: 878
